// Jest Snapshot v1, https://goo.gl/fbAQLP

exports[`connectInput should set the displayName correctly 1`] = `"ConnectInput(Input)"`;
